// Jest Snapshot v1, https://goo.gl/fbAQLP

exports[`<AuthLayout /> should render correctly 1`] = `
<div
  className="makeStyles-wrapper-1"
>
  <WithStyles(ForwardRef(Paper))
    className="makeStyles-paper-2"
  />
</div>
`;
